[0] = +5 Dexterity Vest, 3, 13
[1] = Aged Brie, -5, 12
[2] = Elixir of the Mongoose, -2, 0
[3] = Sulfuras, Hand of Ragnaros, 0, 80
[4] = Sulfuras, Hand of Ragnaros, -1, 80
[5] = Backstage passes to a TAFKAL80ETC concert, 8, 29
[6] = Backstage passes to a TAFKAL80ETC concert, 3, 50
[7] = Backstage passes to a TAFKAL80ETC concert, -2, 0
[8] = Conjured Mana Cake, -4, 0
